> Task :app:checkKotlinGradlePluginConfigurationErrors SKIPPED
> Task :app:preBuild UP-TO-DATE
> Task :app:preDebugBuild UP-TO-DATE
> Task :app:checkDebugAarMetadata UP-TO-DATE
> Task :app:processDebugNavigationResources UP-TO-DATE
> Task :app:compileDebugNavigationResources UP-TO-DATE
> Task :app:generateDebugResValues UP-TO-DATE
> Task :app:mapDebugSourceSetPaths UP-TO-DATE
> Task :app:generateDebugResources UP-TO-DATE
> Task :app:mergeDebugResources UP-TO-DATE
> Task :app:packageDebugResources UP-TO-DATE
> Task :app:parseDebugLocalResources UP-TO-DATE
> Task :app:createDebugCompatibleScreenManifests UP-TO-DATE
> Task :app:extractDeepLinksDebug UP-TO-DATE
> Task :app:processDebugMainManifest UP-TO-DATE
> Task :app:processDebugManifest UP-TO-DATE
> Task :app:processDebugManifestForPackage UP-TO-DATE
> Task :app:processDebugResources UP-TO-DATE

> Task :app:compileDebugKotlin
./gradlew : e: file:///C:/Users/rawat/AndroidStudioProjects/CLIPExecuTorch/app/src/main/java/com/ex
ample/clip_executorch/MainActivity.kt:40:47 Unresolved reference 'AddAPhoto'.
At line:1 char:1
+ ./gradlew :app:compileDebugKotlin --console=plain > build_error.log 2 ...
+ ~~~~~~~~~~~~~~~~~~~~~~~~~~~~~~~~~~~~~~~~~~~~~~~~~~~~~~~~~~~~~~~~~~~~~
    + CategoryInfo          : NotSpecified: (e: file:///C:/U...ce 'AddAPhoto'.:String) [], RemoteE 
   xception
    + FullyQualifiedErrorId : NativeCommandError
 
e: file:///C:/Users/rawat/AndroidStudioProjects/CLIPExecuTorch/app/src/main/java/com/example/clip_e
xecutorch/MainActivity.kt:41:47 Unresolved reference 'PhotoLibrary'.
e: file:///C:/Users/rawat/AndroidStudioProjects/CLIPExecuTorch/app/src/main/java/com/example/clip_e
xecutorch/MainActivity.kt:220:40 Unresolved reference 'AddAPhoto'.
e: file:///C:/Users/rawat/AndroidStudioProjects/CLIPExecuTorch/app/src/main/java/com/example/clip_e
xecutorch/MainActivity.kt:223:40 Unresolved reference 'PhotoLibrary'.
e: file:///C:/Users/rawat/AndroidStudioProjects/CLIPExecuTorch/app/src/main/java/com/example/clip_e
xecutorch/Tokenizer.kt:114:45 Too many arguments for 'fun indexOf(element: String): Int'.

> Task :app:compileDebugKotlin FAILED

[Incubating] Problems report is available at: file:///C:/Users/rawat/AndroidStudioProjects/CLIPExecuTorch/build/reports/problems/problems-report.html

FAILURE: Build failed with an exception.

* What went wrong:
Execution failed for task ':app:compileDebugKotlin'.
> A failure occurred while executing 
org.jetbrains.kotlin.compilerRunner.GradleCompilerRunnerWithWorkers$GradleKotlinCompilerWorkAction
   > Compilation error. See log for more details

* Try:
> Run with --stacktrace option to get the stack trace.
> Run with --info or --debug option to get more log output.
> Run with --scan to get full insights from a Build Scan (powered by Develocity).
> Get more help at https://help.gradle.org.

Deprecated Gradle features were used in this build, making it incompatible with Gradle 10.

You can use '--warning-mode all' to show the individual deprecation warnings and determine if they come from your own scripts or plugins.

For more on this, please refer to https://docs.gradle.org/9.3.1/userguide/command_line_interface.html#sec:command_line_warnings in the Gradle documentation.

BUILD FAILED in 9s
16 actionable tasks: 1 executed, 15 up-to-date
